[
    {
        "name": "\u041d\u043e\u0432\u0430 \u0433\u043e\u0434\u0438\u043d\u0430",
        "date": "2024-01-01"
    },
    {
        "name": "\u0412\u0435\u043b\u0438\u043a\u0434\u0435\u043d \u2013 \u0445\u0440\u0438\u0441\u0442\u0438\u044f\u043d\u0441\u043a\u0430\u0442\u0430 \u0440\u0435\u043b\u0438\u0433\u0438\u044f \u043e\u0442\u0431\u0435\u043b\u044f\u0437\u0432\u0430 \u0412\u044a\u0437\u043a\u0440\u0435\u0441\u0435\u043d\u0438\u0435 \u0425\u0440\u0438\u0441\u0442\u043e\u0432\u043e",
        "date": "2024-01-01"
    },
    {
        "name": "\u0414\u0435\u043d \u043d\u0430 \u041e\u0441\u0432\u043e\u0431\u043e\u0436\u0434\u0435\u043d\u0438\u0435\u0442\u043e \u043d\u0430 \u0411\u044a\u043b\u0433\u0430\u0440\u0438\u044f \u043e\u0442 \u043e\u0441\u043c\u0430\u043d\u0441\u043a\u043e \u0440\u043e\u0431\u0441\u0442\u0432\u043e",
        "date": "2024-03-03"
    },
    {
        "name": "\u0414\u0435\u043d \u043d\u0430 \u0442\u0440\u0443\u0434\u0430 \u0438 \u043d\u0430 \u043c\u0435\u0436\u0434\u0443\u043d\u0430\u0440\u043e\u0434\u043d\u0430\u0442\u0430 \u0440\u0430\u0431\u043e\u0442\u043d\u0438\u0447\u0435\u0441\u043a\u0430 \u0441\u043e\u043b\u0438\u0434\u0430\u0440\u043d\u043e\u0441\u0442",
        "date": "2024-05-01"
    },
    {
        "name": "\u0413\u0435\u0440\u0433\u044c\u043e\u0432\u0434\u0435\u043d, \u0414\u0435\u043d \u043d\u0430 \u0445\u0440\u0430\u0431\u0440\u043e\u0441\u0442\u0442\u0430 \u0438 \u0411\u044a\u043b\u0433\u0430\u0440\u0441\u043a\u0430\u0442\u0430 \u0430\u0440\u043c\u0438\u044f",
        "date": "2024-05-06"
    },
    {
        "name": "\u0414\u0435\u043d\u044f\u0442 \u043d\u0430 \u0431\u044a\u043b\u0433\u0430\u0440\u0441\u043a\u0430\u0442\u0430 \u043f\u0440\u043e\u0441\u0432\u0435\u0442\u0430 \u0438 \u043a\u0443\u043b\u0442\u0443\u0440\u0430 \u0438 \u043d\u0430 \u0441\u043b\u0430\u0432\u044f\u043d\u0441\u043a\u0430\u0442\u0430 \u043f\u0438\u0441\u043c\u0435\u043d\u043e\u0441\u0442",
        "date": "2024-05-24"
    },
    {
        "name": "\u0421\u044a\u0435\u0434\u0438\u043d\u0435\u043d\u0438\u0435\u0442\u043e \u043d\u0430 \u0411\u044a\u043b\u0433\u0430\u0440\u0438\u044f",
        "date": "2024-09-06"
    },
    {
        "name": "\u0414\u0435\u043d \u043d\u0430 \u043d\u0435\u0437\u0430\u0432\u0438\u0441\u0438\u043c\u043e\u0441\u0442\u0442\u0430 \u043d\u0430 \u0411\u044a\u043b\u0433\u0430\u0440\u0438\u044f",
        "date": "2024-09-22"
    },
    {
        "name": "\u041a\u043e\u043b\u0435\u0434\u0430 24 \u0434\u0435\u043a\u0435\u043c\u0432\u0440\u0438",
        "date": "2024-12-24"
    },
    {
        "name": "\u041a\u043e\u043b\u0435\u0434\u0430 25 \u0434\u0435\u043a\u0435\u043c\u0432\u0440\u0438",
        "date": "2024-12-25"
    },
    {
        "name": "\u041a\u043e\u043b\u0435\u0434\u0430 26 \u0434\u0435\u043a\u0435\u043c\u0432\u0440\u0438",
        "date": "2024-12-26"
    }
]